// Jest Snapshot v1, https://goo.gl/fbAQLP

exports[`<Scan /> renders correctly 1`] = `
<View
  style={
    Object {
      "alignItems": "center",
      "backgroundColor": "#000",
      "flex": 1,
      "justifyContent": "center",
    }
  }
>
  <Text>
    Requesting for camera permission
  </Text>
</View>
`;
